// Jest Snapshot v1, https://goo.gl/fbAQLP

exports[`snapshots not updated 1`] = `"1"`;

exports[`snapshots not updated 2`] = `"1"`;
