// Jest Snapshot v1, https://goo.gl/fbAQLP

exports[`snapshots not updated nor removed 1`] = `"1"`;

exports[`snapshots not updated nor removed 2`] = `"1"`;

exports[`snapshots not updated nor removed 3`] = `"1"`;
