// Jest Snapshot v1, https://goo.gl/fbAQLP

exports[`testMatch should able to match file with \`?([mc])[jt]s?(x)\` by default 1`] = `
"Test Suites: 16 passed, 16 total
Tests:       16 passed, 16 total
Snapshots:   0 total
Time:        <<REPLACED>>
Ran all test suites."
`;
